<html>
<body>
<pre>
<h1>礦ision Build Log</h1>
<h2>Tool Versions:</h2>
IDE-Version: μVision V5.39.0.0
Copyright (C) 2023 ARM Ltd and ARM Germany GmbH. All rights reserved.
License Information: 1 Theonesssssssss, 1, LIC=21E4T-RB8DI-8T53P-MY9QH-LA2NU-D3D4X
 
Tool Versions:
Toolchain:       MDK-ARM Plus  Version: 5.39.0.0
Toolchain Path:  D:\Program Files\Keil_v5\ARM\ARMCC\Bin
C Compiler:      Armcc.exe V5.06 update 7 (build 960)
Assembler:       Armasm.exe V5.06 update 7 (build 960)
Linker/Locator:  ArmLink.exe V5.06 update 7 (build 960)
Library Manager: ArmAr.exe V5.06 update 7 (build 960)
Hex Converter:   FromElf.exe V5.06 update 7 (build 960)
CPU DLL:         SARMCM3.DLL V5.39.0.0
Dialog DLL:      DCM.DLL V1.17.5.0
Target DLL:      STLink\ST-LINKIII-KEIL_SWO.dll V3.2.0.0
Dialog DLL:      TCM.DLL V1.56.4.0
 
<h2>Project:</h2>
D:\ProgramData\OneDrive - st.xatu.edu.cn\文档\Workspace\keildata\FreeRTOS\FreeRTOS_任务创建和删除_动态\Projects\MDK-ARM\atk_f103.uvprojx
Project File Date:  04/20/2024

<h2>Output:</h2>
*** Using Compiler 'V5.06 update 7 (build 960)', folder: 'D:\Program Files\Keil_v5\ARM\ARMCC\Bin'
Rebuild target 'FreeRTOS'
assembling startup_stm32f103xe.s...
compiling usart.c...
compiling stm32f1xx_hal.c...
compiling delay.c...
compiling stm32f1xx_hal_gpio_ex.c...
compiling system_stm32f1xx.c...
compiling stm32f1xx_hal_rcc_ex.c...
compiling stm32f1xx_it.c...
compiling sys.c...
compiling stm32f1xx_hal_gpio.c...
compiling main.c...
compiling stm32f1xx_hal_pwr.c...
compiling stm32f1xx_hal_cortex.c...
compiling stm32f1xx_hal_dma.c...
compiling stm32f1xx_hal_rcc.c...
compiling freertos_demo.c...
compiling stm32f1xx_hal_sram.c...
compiling stm32f1xx_hal_uart.c...
compiling btim.c...
compiling stm32f1xx_hal_usart.c...
compiling led.c...
compiling stm32f1xx_ll_fsmc.c...
compiling malloc.c...
compiling sram.c...
compiling lcd.c...
compiling stm32f1xx_hal_tim_ex.c...
compiling stm32f1xx_hal_tim.c...
compiling croutine.c...
compiling key.c...
compiling list.c...
compiling event_groups.c...
compiling port.c...
compiling heap_4.c...
compiling stream_buffer.c...
compiling queue.c...
compiling timers.c...
compiling tasks.c...
linking...
Program Size: Code=31728 RO-data=424 RW-data=200 ZI-data=1093608  
FromELF: creating hex file...
"..\..\Output\atk_f103.axf" - 0 Error(s), 0 Warning(s).

<h2>Software Packages used:</h2>

Package Vendor: Keil
                https://www.keil.com/pack/Keil.STM32F1xx_DFP.2.4.1.pack
                Keil::STM32F1xx_DFP@2.4.1
                STMicroelectronics STM32F1 Series Device Support, Drivers and Examples

<h2>Collection of Component include folders:</h2>
  D:/Users/Theonesssssssss/AppData/Local/Arm/Packs/Keil/STM32F1xx_DFP/2.4.1/Device/Include

<h2>Collection of Component Files used:</h2>
Build Time Elapsed:  00:00:12
</pre>
</body>
</html>
