BL51 BANKED LINKER/LOCATER V6.22.4.0                                                    11/13/2023  16:26:59  PAGE 1


BL51 BANKED LINKER/LOCATER V6.22.4.0, INVOKED BY:
D:\PROGRAMS\KEIL_V5\C51\BIN\BL51.EXE .\Objects\main.obj TO .\Objects\LEDºôÎüµÆ PRINT (.\Listings\LEDºôÎüµÆ.m51) RAMSIZE 
>> (256)


MEMORY MODEL: SMALL


INPUT MODULES INCLUDED:
  .\Objects\main.obj (MAIN)
  D:\PROGRAMS\KEIL_V5\C51\LIB\C51S.LIB (?C_STARTUP)


LINK MAP OF MODULE:  .\Objects\LEDºôÎüµÆ (MAIN)


            TYPE    BASE      LENGTH    RELOCATION   SEGMENT NAME
            -----------------------------------------------------

            * * * * * * *   D A T A   M E M O R Y   * * * * * * *
            REG     0000H     0008H     ABSOLUTE     "REG BANK 0"
            IDATA   0008H     0001H     UNIT         ?STACK

            * * * * * * *   C O D E   M E M O R Y   * * * * * * *
            CODE    0000H     0003H     ABSOLUTE     
            CODE    0003H     0023H     UNIT         ?PR?MAIN?MAIN
            CODE    0026H     0021H     UNIT         ?PR?_DELAY?MAIN
            CODE    0047H     000CH     UNIT         ?C_C51STARTUP



OVERLAY MAP OF MODULE:   .\Objects\LEDºôÎüµÆ (MAIN)


SEGMENT
  +--> CALLED SEGMENT
---------------------
?C_C51STARTUP
  +--> ?PR?MAIN?MAIN

?PR?MAIN?MAIN
  +--> ?PR?_DELAY?MAIN



SYMBOL TABLE OF MODULE:  .\Objects\LEDºôÎüµÆ (MAIN)

  VALUE           TYPE          NAME
  ----------------------------------

  -------         MODULE        MAIN
  C:0000H         SYMBOL        _ICE_DUMMY_
  D:00A0H         PUBLIC        P2
  C:0003H         PUBLIC        main
  B:00A0H.0       PUBLIC        LED
  C:003CH         PUBLIC        _Delay
  -------         PROC          L?0020
  -------         ENDPROC       L?0020
BL51 BANKED LINKER/LOCATER V6.22.4.0                                                  11/13/2023  16:26:59  PAGE 2


  -------         PROC          _DELAY
  D:0006H         SYMBOL        i
  C:003CH         LINE#         8
  C:003CH         LINE#         9
  C:003CH         LINE#         10
  C:0046H         LINE#         11
  -------         ENDPROC       _DELAY
  -------         PROC          MAIN
  -------         DO            
  D:0003H         SYMBOL        Time
  D:0005H         SYMBOL        i
  -------         ENDDO         
  C:0003H         LINE#         14
  C:0003H         LINE#         15
  C:0003H         LINE#         16
  C:0003H         LINE#         17
  C:0003H         LINE#         18
  C:0003H         LINE#         19
  C:0005H         LINE#         20
  C:0005H         LINE#         21
  C:0007H         LINE#         22
  C:0007H         LINE#         23
  C:0007H         LINE#         24
  C:0007H         LINE#         25
  C:0007H         LINE#         26
  C:000AH         LINE#         27
  C:000EH         LINE#         28
  C:0012H         LINE#         29
  C:001AH         LINE#         30
  C:001AH         LINE#         31
  C:001CH         LINE#         32
  C:001CH         LINE#         33
  C:001CH         LINE#         34
  C:001CH         LINE#         35
  C:001CH         LINE#         36
  C:001FH         LINE#         37
  C:0023H         LINE#         38
  -------         ENDPROC       MAIN
  -------         ENDMOD        MAIN

Program Size: data=9.0 xdata=0 code=83
LINK/LOCATE RUN COMPLETE.  0 WARNING(S),  0 ERROR(S)
