BL51 BANKED LINKER/LOCATER V6.22.4.0                                                    01/29/2023  11:19:24  PAGE 1


BL51 BANKED LINKER/LOCATER V6.22.4.0, INVOKED BY:
Z:\BUYAOBILIAN\KEIL_V5\C51\BIN\BL51.EXE .\Objects\Delay.obj, .\Objects\Timer0.obj, .\Objects\music_main.obj TO .\Objects
>> \Ð¡ÐÇÐÇ PRINT (.\Listings\Ð¡ÐÇÐÇ.m51) RAMSIZE (256)


MEMORY MODEL: SMALL


INPUT MODULES INCLUDED:
  .\Objects\Delay.obj (DELAY)
  .\Objects\Timer0.obj (TIMER0)
  .\Objects\music_main.obj (MUSIC_MAIN)
  Z:\BUYAOBILIAN\KEIL_V5\C51\LIB\C51S.LIB (?C_STARTUP)
  Z:\BUYAOBILIAN\KEIL_V5\C51\LIB\C51S.LIB (?C_INIT)


LINK MAP OF MODULE:  .\Objects\Ð¡ÐÇÐÇ (DELAY)


            TYPE    BASE      LENGTH    RELOCATION   SEGMENT NAME
            -----------------------------------------------------

            * * * * * * *   D A T A   M E M O R Y   * * * * * * *
            REG     0000H     0008H     ABSOLUTE     "REG BANK 0"
            DATA    0008H     0069H     UNIT         ?DT?MUSIC_MAIN
            IDATA   0071H     0001H     UNIT         ?STACK

            * * * * * * *   C O D E   M E M O R Y   * * * * * * *
            CODE    0000H     0003H     ABSOLUTE     
                    0003H     0008H                  *** GAP ***
            CODE    000BH     0003H     ABSOLUTE     
            CODE    000EH     008CH     UNIT         ?C_C51STARTUP
            CODE    009AH     006CH     UNIT         ?C_INITSEG
            CODE    0106H     0026H     UNIT         ?PR?TIMER0_ROUNTINE?MUSIC_MAIN
            CODE    012CH     0021H     UNIT         ?PR?MAIN?MUSIC_MAIN
            CODE    014DH     0017H     UNIT         ?PR?TIMER0INIT?TIMER0
            CODE    0164H     0012H     UNIT         ?PR?_DELAY?DELAY
            CODE    0176H     0012H     UNIT         ?PR?_DELAY1MS?DELAY



OVERLAY MAP OF MODULE:   .\Objects\Ð¡ÐÇÐÇ (DELAY)


SEGMENT
  +--> CALLED SEGMENT
---------------------
?C_C51STARTUP
  +--> ?PR?MAIN?MUSIC_MAIN
  +--> ?C_INITSEG

?PR?MAIN?MUSIC_MAIN
  +--> ?PR?TIMER0INIT?TIMER0
  +--> ?PR?_DELAY?DELAY



SYMBOL TABLE OF MODULE:  .\Objects\Ð¡ÐÇÐÇ (DELAY)
BL51 BANKED LINKER/LOCATER V6.22.4.0                                                  01/29/2023  11:19:24  PAGE 2



  VALUE           TYPE          NAME
  ----------------------------------

  -------         MODULE        DELAY
  C:0000H         SYMBOL        _ICE_DUMMY_
  C:0176H         PUBLIC        _Delay1ms
  C:0164H         PUBLIC        _Delay
  -------         PROC          _DELAY
  D:0006H         SYMBOL        x
  -------         DO            
  D:0005H         SYMBOL        i
  D:0004H         SYMBOL        j
  -------         ENDDO         
  C:0164H         LINE#         3
  C:0164H         LINE#         4
  C:0164H         LINE#         7
  C:0166H         LINE#         8
  C:0168H         LINE#         10
  C:0168H         LINE#         12
  C:0168H         LINE#         13
  C:016AH         LINE#         14
  C:016CH         LINE#         15
  C:0175H         LINE#         16
  -------         ENDPROC       _DELAY
  -------         PROC          _DELAY1MS
  D:0006H         SYMBOL        x
  -------         DO            
  D:0005H         SYMBOL        i
  D:0004H         SYMBOL        j
  -------         ENDDO         
  C:0176H         LINE#         18
  C:0176H         LINE#         19
  C:0176H         LINE#         22
  C:0178H         LINE#         23
  C:017AH         LINE#         25
  C:017AH         LINE#         27
  C:017AH         LINE#         28
  C:017CH         LINE#         29
  C:017EH         LINE#         30
  C:0187H         LINE#         31
  -------         ENDPROC       _DELAY1MS
  -------         ENDMOD        DELAY

  -------         MODULE        TIMER0
  C:0000H         SYMBOL        _ICE_DUMMY_
  B:00A8H.7       PUBLIC        EA
  D:0089H         PUBLIC        TMOD
  B:00A8H.1       PUBLIC        ET0
  B:0088H.5       PUBLIC        TF0
  C:014DH         PUBLIC        Timer0Init
  D:008CH         PUBLIC        TH0
  D:008AH         PUBLIC        TL0
  B:00B8H.1       PUBLIC        PT0
  B:0088H.4       PUBLIC        TR0
  -------         PROC          TIMER0INIT
  C:014DH         LINE#         7
BL51 BANKED LINKER/LOCATER V6.22.4.0                                                  01/29/2023  11:19:24  PAGE 3


  C:014DH         LINE#         8
  C:014DH         LINE#         10
  C:0150H         LINE#         11
  C:0153H         LINE#         12
  C:0156H         LINE#         13
  C:0159H         LINE#         14
  C:015BH         LINE#         15
  C:015DH         LINE#         17
  C:015FH         LINE#         18
  C:0161H         LINE#         19
  C:0163H         LINE#         20
  -------         ENDPROC       TIMER0INIT
  -------         ENDMOD        TIMER0

  -------         MODULE        MUSIC_MAIN
  C:0000H         SYMBOL        _ICE_DUMMY_
  D:0008H         PUBLIC        SheetMusic
  D:00A0H         PUBLIC        P2
  B:00A0H.5       PUBLIC        Buzzer
  C:012CH         PUBLIC        main
  D:0024H         PUBLIC        Sheet_Select
  D:008CH         PUBLIC        TH0
  D:008AH         PUBLIC        TL0
  B:0088H.4       PUBLIC        TR0
  D:0025H         PUBLIC        FreqSelsect
  C:0106H         PUBLIC        Timer0_Rountine
  D:0026H         PUBLIC        time_Select
  D:0027H         PUBLIC        FreqTable
  -------         PROC          TIMER0_ROUNTINE
  C:0106H         LINE#         18
  C:0111H         LINE#         20
  C:011EH         LINE#         21
  C:0121H         LINE#         22
  C:0123H         LINE#         23
  -------         ENDPROC       TIMER0_ROUNTINE
  -------         PROC          MAIN
  C:012CH         LINE#         25
  C:012CH         LINE#         26
  C:012CH         LINE#         27
  C:012FH         LINE#         28
  C:012FH         LINE#         29
  C:012FH         LINE#         30
  C:0137H         LINE#         31
  C:0139H         LINE#         32
  C:0140H         LINE#         34
  C:0142H         LINE#         35
  C:0149H         LINE#         36
  C:014BH         LINE#         37
  -------         ENDPROC       MAIN
  -------         ENDMOD        MUSIC_MAIN

*** WARNING L16: UNCALLED SEGMENT, IGNORED FOR OVERLAY PROCESS
    SEGMENT: ?PR?_DELAY1MS?DELAY

Program Size: data=114.0 xdata=0 code=384
LINK/LOCATE RUN COMPLETE.  1 WARNING(S),  0 ERROR(S)
