C51 COMPILER V9.60.7.0   BEEP_MAIN                                                         01/28/2023 10:17:36 PAGE 1   


C51 COMPILER V9.60.7.0, COMPILATION OF MODULE BEEP_MAIN
OBJECT MODULE PLACED IN .\Objects\beep_main.obj
COMPILER INVOKED BY: Z:\buyaobilian\keil_v5\C51\BIN\C51.EXE beep_main.c OPTIMIZE(8,SPEED) BROWSE DEBUG OBJECTEXTEND PRIN
                    -T(.\Listings\beep_main.lst) TABS(2) OBJECT(.\Objects\beep_main.obj)

line level    source

   1          #include <REGX52.H>
   2          #include "Delay.h"
   3          #include "key.h"
   4          #include "NixieTube.h"
   5          #include "Buzzer.h"
   6          
   7          unsigned char KeyNum;
   8          
   9          
  10          
  11          
  12          void main()
  13          {
  14   1          while (1)
  15   1          {
  16   2              KeyNum = key();
  17   2              if (KeyNum)
  18   2              {
  19   3                  Buzzer_Time(500);
  20   3                  NixieTube(1, KeyNum);
  21   3              }
  22   2          }
  23   1      }


MODULE INFORMATION:   STATIC OVERLAYABLE
   CODE SIZE        =     25    ----
   CONSTANT SIZE    =   ----    ----
   XDATA SIZE       =   ----    ----
   PDATA SIZE       =   ----    ----
   DATA SIZE        =      1    ----
   IDATA SIZE       =   ----    ----
   BIT SIZE         =   ----    ----
END OF MODULE INFORMATION.


C51 COMPILATION COMPLETE.  0 WARNING(S),  0 ERROR(S)
